Starting test...
Attempting to upload file to http://localhost:3000/api/import-questions...
Test script error: 
Connection refused. Is the server running on port 3000?
